// Jest Snapshot v1, https://goo.gl/fbAQLP

exports[`<SignUp /> Should not throw an error if input is a correct email 1`] = `"<div data-testid=\\"SignUp\\" class=\\" text-white py-24 py-100 px-6\\"><div data-testid=\\"article-component\\"><h1 class=\\"MuiTypography-root MuiTypography-h1  !font-normal !tracking-normal css-1yzmk4e-MuiTypography-root\\" data-testid=\\"article-component-title\\"><span> Get a free booking!</span></h1><div data-testid=\\"article-component-divider\\" class=\\"w-10 h-0 border-solid border-2 my-4 border-[#E25F6D] my-4\\" style=\\"border-color: #e25f6d;\\"></div><div color=\\"white\\" class=\\" !font-normal !tracking-normal\\" typographytype=\\"largeTitle\\"><span class=\\"text-base \\">Subscribe to receive our offers and enjoy 1 booking for free! No spam, we promise.</span></div></div><div class=\\"root MuiFormControl-root styledComponents__FormControl-lwe1h6-0 jHalSF sc-edb9ce2-0 gBVPiv mt-4  css-1nrlq1o-MuiFormControl-root\\"><div class=\\"MuiFormControl-root MuiTextField-root css-1vly5ry-MuiFormControl-root-MuiTextField-root\\" data-testid=\\"email-signup-input\\"><label class=\\"MuiInputLabel-root MuiInputLabel-formControl MuiInputLabel-animated MuiInputLabel-shrink MuiInputLabel-standard MuiFormLabel-root MuiFormLabel-colorPrimary MuiFormLabel-filled css-1c2i806-MuiFormLabel-root-MuiInputLabel-root\\" data-shrink=\\"true\\" for=\\":r3:\\" id=\\":r3:-label\\"><span class=\\"text-white\\">E-mail</span></label><div class=\\"MuiInput-root MuiInput-underline MuiInputBase-root MuiInputBase-colorPrimary MuiInputBase-formControl css-1480iag-MuiInputBase-root-MuiInput-root\\"><input aria-invalid=\\"false\\" autocomplete=\\"\\" id=\\":r3:\\" name=\\"\\" placeholder=\\"Your email\\" type=\\"text\\" class=\\"MuiInput-input MuiInputBase-input css-1x51dt5-MuiInputBase-input-MuiInput-input\\" value=\\"\\"></div></div></div><button class=\\"root StyledButton-sc-1apep4b-0 jVvup my-7 !normal-case MuiButton-root MuiButton-contained MuiButton-containedPrimary MuiButton-sizeMedium MuiButton-containedSizeMedium MuiButton-fullWidth MuiButtonBase-root  css-1fu7jd5-MuiButtonBase-root-MuiButton-root\\" tabindex=\\"0\\" type=\\"button\\"><div style=\\"visibility: visible;\\">Sign me up</div><span class=\\"MuiTouchRipple-root css-8je8zh-MuiTouchRipple-root\\"></span></button><p class=\\"MuiTypography-root MuiTypography-body1 !font-light opacity-80 text-sm css-x61q1w-MuiTypography-root\\">We wont pass your details on anyone else. By clicking sign me up button you agree to our <span style=\\"color: rgb(226, 95, 109);\\"> terms of use </span> and<span style=\\"color: rgb(226, 95, 109);\\"> privacy policy </span>.</p></div>"`;

exports[`<SignUp /> Should throw an error if input is not a correct email 1`] = `"<div data-testid=\\"SignUp\\" class=\\" text-white py-24 py-100 px-6\\"><div data-testid=\\"article-component\\"><h1 class=\\"MuiTypography-root MuiTypography-h1  !font-normal !tracking-normal css-1yzmk4e-MuiTypography-root\\" data-testid=\\"article-component-title\\"><span> Get a free booking!</span></h1><div data-testid=\\"article-component-divider\\" class=\\"w-10 h-0 border-solid border-2 my-4 border-[#E25F6D] my-4\\" style=\\"border-color: #e25f6d;\\"></div><div color=\\"white\\" class=\\" !font-normal !tracking-normal\\" typographytype=\\"largeTitle\\"><span class=\\"text-base \\">Subscribe to receive our offers and enjoy 1 booking for free! No spam, we promise.</span></div></div><div class=\\"root MuiFormControl-root styledComponents__FormControl-lwe1h6-0 jHalSF sc-edb9ce2-0 gBVPiv mt-4  css-1nrlq1o-MuiFormControl-root\\"><div class=\\"MuiFormControl-root MuiTextField-root css-1vly5ry-MuiFormControl-root-MuiTextField-root\\" data-testid=\\"email-signup-input\\"><label class=\\"MuiInputLabel-root MuiInputLabel-formControl MuiInputLabel-animated MuiInputLabel-shrink MuiInputLabel-standard MuiFormLabel-root MuiFormLabel-colorPrimary Mui-error MuiFormLabel-filled css-1c2i806-MuiFormLabel-root-MuiInputLabel-root\\" data-shrink=\\"true\\" for=\\":r2:\\" id=\\":r2:-label\\"><span class=\\"text-white\\">E-mail</span></label><div class=\\"MuiInput-root MuiInput-underline MuiInputBase-root MuiInputBase-colorPrimary Mui-error MuiInputBase-formControl css-1480iag-MuiInputBase-root-MuiInput-root\\"><input aria-invalid=\\"true\\" autocomplete=\\"\\" id=\\":r2:\\" name=\\"\\" placeholder=\\"Your email\\" type=\\"text\\" class=\\"MuiInput-input MuiInputBase-input css-1x51dt5-MuiInputBase-input-MuiInput-input\\" value=\\"\\"></div></div><p class=\\"root MuiFormHelperText-root Mui-error MuiFormHelperText-sizeMedium MuiFormHelperText-contained styledComponents__FormHelperText-lwe1h6-1 jsmHnI css-1wc848c-MuiFormHelperText-root\\">Incorrect email format </p></div><button class=\\"root StyledButton-sc-1apep4b-0 jVvup my-7 !normal-case MuiButton-root MuiButton-contained MuiButton-containedPrimary MuiButton-sizeMedium MuiButton-containedSizeMedium MuiButton-fullWidth MuiButtonBase-root  css-1fu7jd5-MuiButtonBase-root-MuiButton-root\\" tabindex=\\"0\\" type=\\"button\\"><div style=\\"visibility: visible;\\">Sign me up</div><span class=\\"MuiTouchRipple-root css-8je8zh-MuiTouchRipple-root\\"></span></button><p class=\\"MuiTypography-root MuiTypography-body1 !font-light opacity-80 text-sm css-x61q1w-MuiTypography-root\\">We wont pass your details on anyone else. By clicking sign me up button you agree to our <span style=\\"color: rgb(226, 95, 109);\\"> terms of use </span> and<span style=\\"color: rgb(226, 95, 109);\\"> privacy policy </span>.</p></div>"`;

exports[`<SignUp /> it should Match the snapshot 1`] = `"<div data-testid=\\"SignUp\\" class=\\" text-white py-24 py-100 px-6\\"><div data-testid=\\"article-component\\"><h1 class=\\"MuiTypography-root MuiTypography-h1  !font-normal !tracking-normal css-1yzmk4e-MuiTypography-root\\" data-testid=\\"article-component-title\\"><span> Get a free booking!</span></h1><div data-testid=\\"article-component-divider\\" class=\\"w-10 h-0 border-solid border-2 my-4 border-[#E25F6D] my-4\\" style=\\"border-color: #e25f6d;\\"></div><div color=\\"white\\" class=\\" !font-normal !tracking-normal\\" typographytype=\\"largeTitle\\"><span class=\\"text-base \\">Subscribe to receive our offers and enjoy 1 booking for free! No spam, we promise.</span></div></div><div class=\\"root MuiFormControl-root styledComponents__FormControl-lwe1h6-0 jHalSF sc-edb9ce2-0 gBVPiv mt-4  css-1nrlq1o-MuiFormControl-root\\"><div class=\\"MuiFormControl-root MuiTextField-root css-1vly5ry-MuiFormControl-root-MuiTextField-root\\" data-testid=\\"email-signup-input\\"><label class=\\"MuiInputLabel-root MuiInputLabel-formControl MuiInputLabel-animated MuiInputLabel-shrink MuiInputLabel-standard MuiFormLabel-root MuiFormLabel-colorPrimary css-1c2i806-MuiFormLabel-root-MuiInputLabel-root\\" data-shrink=\\"true\\" for=\\":r1:\\" id=\\":r1:-label\\"><span class=\\"text-white\\">E-mail</span></label><div class=\\"MuiInput-root MuiInput-underline MuiInputBase-root MuiInputBase-colorPrimary MuiInputBase-formControl css-1480iag-MuiInputBase-root-MuiInput-root\\"><input aria-invalid=\\"false\\" autocomplete=\\"\\" id=\\":r1:\\" name=\\"\\" placeholder=\\"Your email\\" type=\\"text\\" class=\\"MuiInput-input MuiInputBase-input css-1x51dt5-MuiInputBase-input-MuiInput-input\\" value=\\"\\"></div></div></div><button class=\\"root StyledButton-sc-1apep4b-0 jVvup my-7 !normal-case MuiButton-root MuiButton-contained MuiButton-containedPrimary MuiButton-sizeMedium MuiButton-containedSizeMedium MuiButton-fullWidth MuiButtonBase-root  css-1fu7jd5-MuiButtonBase-root-MuiButton-root\\" tabindex=\\"0\\" type=\\"button\\"><div style=\\"visibility: visible;\\">Sign me up</div><span class=\\"MuiTouchRipple-root css-8je8zh-MuiTouchRipple-root\\"></span></button><p class=\\"MuiTypography-root MuiTypography-body1 !font-light opacity-80 text-sm css-x61q1w-MuiTypography-root\\">We wont pass your details on anyone else. By clicking sign me up button you agree to our <span style=\\"color: rgb(226, 95, 109);\\"> terms of use </span> and<span style=\\"color: rgb(226, 95, 109);\\"> privacy policy </span>.</p></div>"`;
