// Jest Snapshot v1, https://goo.gl/fbAQLP

exports[`<Testimonial /> it should render component and match snapshot 1`] = `
"<div data-testid=\\"testimonial-section\\" class=\\"min-h-screen flex flex-col justify-between py-[100px] text-white bg-cover bg-no-repeat\\"><div class=\\"flex flex-col flex-1 \\"><div class=\\"px-6\\"><div data-testid=\\"article-component\\"><p class=\\"MuiTypography-root MuiTypography-body1 text-4xl whitespace-pre-line css-x61q1w-MuiTypography-root\\" data-testid=\\"article-component-title\\"><span> Trusted
by customers</span></p><div data-testid=\\"article-component-divider\\" style=\\"border-color: #e25f6d;\\" class=\\"w-10 h-0 border-solid border-2 my-4 border-[#E25F6D] mt-2\\"></div><div color=\\"white\\" class=\\"text-4xl whitespace-pre-line\\"></div></div></div><div class=\\"sc-d6b1016c-0 jvznlT carousel h-full\\"><div style=\\"overflow-x: hidden; flex: 1; flex-direction: flex; height: 100%;\\"><div style=\\"flex-direction: row; transition: all 0s ease 0s; direction: ltr; display: flex; will-change: transform;\\" class=\\"react-swipeable-view-container\\"><div style=\\"width: 100%; flex-shrink: 0; overflow: auto;\\" aria-hidden=\\"false\\" data-swipeable=\\"true\\"><div><div class=\\"sc-f709edfe-0 ixOjLN testimonial-card\\" data-testid=\\"testimonial-card-0\\"><div class=\\"testimonial-card-text\\" data-testid=\\"testimonial-card-content-testimonial-card-0\\">This is a testimonial from a customer</div><div class=\\"testimonial-card-footer\\"><div class=\\"testimonial-card-stars\\" data-testid=\\"testimonial-card-stars-testimonial-card-0\\"><img alt=\\"start-0\\" src=\\"star.svg\\" class=\\"testimonial-card-star\\"><img alt=\\"start-1\\" src=\\"star.svg\\" class=\\"testimonial-card-star\\"><img alt=\\"start-2\\" src=\\"star.svg\\" class=\\"testimonial-card-star\\"></div><p class=\\"testimonial-card-customer\\" data-testid=\\"testimonial-card-customer-testimonial-card-0\\">Customer </p></div></div></div></div></div></div><div class=\\"MuiPaper-root MuiPaper-elevation MuiPaper-elevation0 MuiMobileStepper-root MuiMobileStepper-positionStatic css-rh92k-MuiPaper-root-MuiMobileStepper-root\\"><div class=\\"MuiMobileStepper-dots css-1384nzf-MuiMobileStepper-dots\\"><div class=\\"MuiMobileStepper-dot MuiMobileStepper-dotActive css-26w9jf-MuiMobileStepper-dot\\"></div><div class=\\"MuiMobileStepper-dot css-114p2tk-MuiMobileStepper-dot\\"></div></div><button class=\\"root StyledButton-sc-1apep4b-0 bXswYh MuiButton-root text MuiButton-text MuiButton-textPrimary MuiButton-sizeMedium MuiButton-textSizeMedium MuiButtonBase-root  css-1e6y48t-MuiButtonBase-root-MuiButton-root\\" tabindex=\\"0\\" type=\\"button\\" data-testid=\\"next-btn\\"><div style=\\"visibility: visible;\\"><svg class=\\"MuiSvgIcon-root MuiSvgIcon-fontSizeMedium css-i4bv87-MuiSvgIcon-root\\" focusable=\\"false\\" viewBox=\\"0 0 24 24\\" aria-hidden=\\"true\\" data-testid=\\"ArrowForwardIcon\\"><path d=\\"m12 4-1.41 1.41L16.17 11H4v2h12.17l-5.58 5.59L12 20l8-8z\\"></path></svg></div><span class=\\"MuiTouchRipple-root css-8je8zh-MuiTouchRipple-root\\"></span></button></div></div></div></div>"
`;
