// Jest Snapshot v1, https://goo.gl/fbAQLP

exports[`<CarOverview />  when modelId, YearId and EngineId present in query params Car Overview test cases it should mount and match to the snapshot 1`] = `"<div data-testid=\\"car.overview\\" class=\\"min-h-screen flex flex-col  h-screen\\"><div data-testid=\\"PageHeader\\" class=\\"min-h-screen p-6 \\" style=\\"min-height: fit-content;\\"><button class=\\"root StyledButton-sc-1apep4b-0 bXswYh mb-5 min-w-[40px] min-h-[40px] w-[40px] h-[40px] MuiButton-root text MuiButton-text MuiButton-textPrimary MuiButton-sizeMedium MuiButton-textSizeMedium MuiButtonBase-root  css-1e6y48t-MuiButtonBase-root-MuiButton-root\\" tabindex=\\"0\\" type=\\"button\\" data-testid=\\"car.overview-back-button\\" style=\\"border-color: rgba(220, 220, 220, 0.2);\\"><div style=\\"visibility: visible;\\"><img src=\\"arrow-back-icon.svg\\" alt=\\"BackArrow\\"></div><span class=\\"MuiTouchRipple-root css-8je8zh-MuiTouchRipple-root\\"></span></button><div data-testid=\\"article-component\\"><p class=\\"MuiTypography-root MuiTypography-body1 text-xl whitespace-pre-line !mt-4 css-1uw3dvl-MuiTypography-root\\" data-testid=\\"article-component-title\\"><span> Confirm your car model</span></p><p class=\\"MuiTypography-root MuiTypography-body1 text-white/[0.8] text-sm mt-[12px] css-1reifv3-MuiTypography-root\\" data-testid=\\"article-component-description\\"><span> This car will be saved to your profile.</span></p></div></div><div class=\\"flex flex-col items-center justify-center\\"><div class=\\"mx-[28px] mt-[52px]\\"><img data-testid=\\"car-image\\" src=\\"https://www.drivearabia.com/carprices/media/catalog/5d0b8000581442020_Toyota_Corolla_front.jpg\\" width=\\"320px\\" height=\\"166px\\" alt=\\"vehicle image\\"></div><div class=\\"flex mt-[54px] px-[20px] justify-between w-full\\"><div data-testid=\\"car-make-model-year\\" class=\\"w-[245px] text-[24px] font-semibold\\">Toyota Corolla 2022</div><div class=\\"w-[41px] h-[27px] pt-1\\"><img data-testid=\\"car-make-logo\\" src=\\"https://banner2.cleanpng.com/20171201/3ce/toyota-logo-picture-5a21ff4daacf07.7378398915121774856996.jpg\\" alt=\\"Toyota logo\\"></div></div><div class=\\"flex px-[20px] w-full my-[20px]\\"><div class=\\"flex flex-col w-1/2\\"><div data-testid=\\"car-engine-type-label\\" class=\\"text-[16px] text-black/60 font-light\\">Engine</div><div data-testid=\\"car-engine-type\\" class=\\"text-[20px] font-normal\\">1.6 VVT-i</div></div><div class=\\"flex flex-col w-1/2 border-l-2 pl-[20px]\\"><div data-testid=\\"car-mileage-label\\" class=\\"text-[16px] text-black/60 font-light\\">Mileage</div><div data-testid=\\"car-mileage\\" class=\\"text-[20px] font-normal\\">15000 km</div></div></div><div class=\\"flex px-[20px] w-full my-[47px]\\"><div class=\\"w-1/2 text-[14px] font-semibold pt-[15px] cursor-pointer\\"><div data-testid=\\"edit-car-details-link\\" class=\\"inline-block text-[#2E4341]\\">Edit car details<img class=\\"inline-block px-[4px] pb-[2px]\\" src=\\"edit.svg\\" alt=\\"edit icon\\"></div></div><div class=\\"w-1/2\\"><button class=\\"root StyledButton-sc-1apep4b-0 jVvup !text-[13px] !px-[17.25px] !normal-case whitespace-nowrap font-semibold MuiButton-root MuiButton-contained MuiButton-containedPrimary MuiButton-sizeMedium MuiButton-containedSizeMedium MuiButton-fullWidth MuiButtonBase-root  css-1fu7jd5-MuiButtonBase-root-MuiButton-root\\" tabindex=\\"0\\" type=\\"button\\" data-testid=\\"car.overview-button-confirm\\"><div style=\\"visibility: visible;\\">Confirm car details</div><span class=\\"MuiTouchRipple-root css-8je8zh-MuiTouchRipple-root\\"></span></button></div></div></div></div>"`;

exports[`<CarOverview />  when modelId, YearId and default EngineId present in query params Car Overview test cases it should mount and match to the snapshot 1`] = `"<div data-testid=\\"car.overview\\" class=\\"min-h-screen flex flex-col  h-screen\\"><div data-testid=\\"PageHeader\\" class=\\"min-h-screen p-6 \\" style=\\"min-height: fit-content;\\"><button class=\\"root StyledButton-sc-1apep4b-0 bXswYh mb-5 min-w-[40px] min-h-[40px] w-[40px] h-[40px] MuiButton-root text MuiButton-text MuiButton-textPrimary MuiButton-sizeMedium MuiButton-textSizeMedium MuiButtonBase-root  css-1e6y48t-MuiButtonBase-root-MuiButton-root\\" tabindex=\\"0\\" type=\\"button\\" data-testid=\\"car.overview-back-button\\" style=\\"border-color: rgba(220, 220, 220, 0.2);\\"><div style=\\"visibility: visible;\\"><img src=\\"arrow-back-icon.svg\\" alt=\\"BackArrow\\"></div><span class=\\"MuiTouchRipple-root css-8je8zh-MuiTouchRipple-root\\"></span></button><div data-testid=\\"article-component\\"><p class=\\"MuiTypography-root MuiTypography-body1 text-xl whitespace-pre-line !mt-4 css-1uw3dvl-MuiTypography-root\\" data-testid=\\"article-component-title\\"><span> Confirm your car model</span></p><p class=\\"MuiTypography-root MuiTypography-body1 text-white/[0.8] text-sm mt-[12px] css-1reifv3-MuiTypography-root\\" data-testid=\\"article-component-description\\"><span> This car will be saved to your profile.</span></p></div></div><div class=\\"flex flex-col items-center justify-center\\"><div class=\\"mx-[28px] mt-[52px]\\"><img data-testid=\\"car-image\\" src=\\"https://www.drivearabia.com/carprices/media/catalog/5d0b8000581442020_Toyota_Corolla_front.jpg\\" width=\\"320px\\" height=\\"166px\\" alt=\\"vehicle image\\"></div><div class=\\"flex mt-[54px] px-[20px] justify-between w-full\\"><div data-testid=\\"car-make-model-year\\" class=\\"w-[245px] text-[24px] font-semibold\\">Toyota Corolla 2022</div><div class=\\"w-[41px] h-[27px] pt-1\\"><img data-testid=\\"car-make-logo\\" src=\\"https://banner2.cleanpng.com/20171201/3ce/toyota-logo-picture-5a21ff4daacf07.7378398915121774856996.jpg\\" alt=\\"Toyota logo\\"></div></div><div class=\\"flex px-[20px] w-full my-[20px]\\"><div class=\\"flex flex-col w-1/2\\"><div data-testid=\\"car-engine-type-label\\" class=\\"text-[16px] text-black/60 font-light\\">Engine</div><div data-testid=\\"car-engine-type\\" class=\\"text-[20px] font-normal\\">Not Specified</div></div><div class=\\"flex flex-col w-1/2 border-l-2 pl-[20px]\\"><div data-testid=\\"car-mileage-label\\" class=\\"text-[16px] text-black/60 font-light\\">Mileage</div><div data-testid=\\"car-mileage\\" class=\\"text-[20px] font-normal\\">15000 km</div></div></div><div class=\\"flex px-[20px] w-full my-[47px]\\"><div class=\\"w-1/2 text-[14px] font-semibold pt-[15px] cursor-pointer\\"><div data-testid=\\"edit-car-details-link\\" class=\\"inline-block text-[#2E4341]\\">Edit car details<img class=\\"inline-block px-[4px] pb-[2px]\\" src=\\"edit.svg\\" alt=\\"edit icon\\"></div></div><div class=\\"w-1/2\\"><button class=\\"root StyledButton-sc-1apep4b-0 jVvup !text-[13px] !px-[17.25px] !normal-case whitespace-nowrap font-semibold MuiButton-root MuiButton-contained MuiButton-containedPrimary MuiButton-sizeMedium MuiButton-containedSizeMedium MuiButton-fullWidth MuiButtonBase-root  css-1fu7jd5-MuiButtonBase-root-MuiButton-root\\" tabindex=\\"0\\" type=\\"button\\" data-testid=\\"car.overview-button-confirm\\"><div style=\\"visibility: visible;\\">Confirm car details</div><span class=\\"MuiTouchRipple-root css-8je8zh-MuiTouchRipple-root\\"></span></button></div></div></div></div>"`;

exports[`<CarOverview />  when modelId, YearId combination is wrong and default EngineId present in query params Car Overview test cases it should mount and match to the snapshot 1`] = `"<div data-testid=\\"car.overview\\" class=\\"min-h-screen flex flex-col  h-screen\\"><div data-testid=\\"PageHeader\\" class=\\"min-h-screen p-6 \\" style=\\"min-height: fit-content;\\"><button class=\\"root StyledButton-sc-1apep4b-0 bXswYh mb-5 min-w-[40px] min-h-[40px] w-[40px] h-[40px] MuiButton-root text MuiButton-text MuiButton-textPrimary MuiButton-sizeMedium MuiButton-textSizeMedium MuiButtonBase-root  css-1e6y48t-MuiButtonBase-root-MuiButton-root\\" tabindex=\\"0\\" type=\\"button\\" data-testid=\\"car.overview-back-button\\" style=\\"border-color: rgba(220, 220, 220, 0.2);\\"><div style=\\"visibility: visible;\\"><img src=\\"arrow-back-icon.svg\\" alt=\\"BackArrow\\"></div><span class=\\"MuiTouchRipple-root css-8je8zh-MuiTouchRipple-root\\"></span></button><div data-testid=\\"article-component\\"><p class=\\"MuiTypography-root MuiTypography-body1 text-xl whitespace-pre-line !mt-4 css-1uw3dvl-MuiTypography-root\\" data-testid=\\"article-component-title\\"><span> Confirm your car model</span></p><p class=\\"MuiTypography-root MuiTypography-body1 text-white/[0.8] text-sm mt-[12px] css-1reifv3-MuiTypography-root\\" data-testid=\\"article-component-description\\"><span> This car will be saved to your profile.</span></p></div></div><div class=\\"flex flex-col items-center justify-center\\"><div class=\\"mx-[28px] mt-[52px]\\"><img data-testid=\\"car-image\\" src=\\"https://www.drivearabia.com/carprices/media/catalog/5d0b8000581442020_Toyota_Corolla_front.jpg\\" width=\\"320px\\" height=\\"166px\\" alt=\\"vehicle image\\"></div><div class=\\"flex mt-[54px] px-[20px] justify-between w-full\\"><div data-testid=\\"car-make-model-year\\" class=\\"w-[245px] text-[24px] font-semibold\\">Toyota Corolla 2022</div><div class=\\"w-[41px] h-[27px] pt-1\\"><img data-testid=\\"car-make-logo\\" src=\\"https://banner2.cleanpng.com/20171201/3ce/toyota-logo-picture-5a21ff4daacf07.7378398915121774856996.jpg\\" alt=\\"Toyota logo\\"></div></div><div class=\\"flex px-[20px] w-full my-[20px]\\"><div class=\\"flex flex-col w-1/2\\"><div data-testid=\\"car-engine-type-label\\" class=\\"text-[16px] text-black/60 font-light\\">Engine</div><div data-testid=\\"car-engine-type\\" class=\\"text-[20px] font-normal\\">Not Specified</div></div><div class=\\"flex flex-col w-1/2 border-l-2 pl-[20px]\\"><div data-testid=\\"car-mileage-label\\" class=\\"text-[16px] text-black/60 font-light\\">Mileage</div><div data-testid=\\"car-mileage\\" class=\\"text-[20px] font-normal\\">15000 km</div></div></div><div class=\\"flex px-[20px] w-full my-[47px]\\"><div class=\\"w-1/2 text-[14px] font-semibold pt-[15px] cursor-pointer\\"><div data-testid=\\"edit-car-details-link\\" class=\\"inline-block text-[#2E4341]\\">Edit car details<img class=\\"inline-block px-[4px] pb-[2px]\\" src=\\"edit.svg\\" alt=\\"edit icon\\"></div></div><div class=\\"w-1/2\\"><button class=\\"root StyledButton-sc-1apep4b-0 jVvup !text-[13px] !px-[17.25px] !normal-case whitespace-nowrap font-semibold MuiButton-root MuiButton-contained MuiButton-containedPrimary MuiButton-sizeMedium MuiButton-containedSizeMedium MuiButton-fullWidth MuiButtonBase-root  css-1fu7jd5-MuiButtonBase-root-MuiButton-root\\" tabindex=\\"0\\" type=\\"button\\" data-testid=\\"car.overview-button-confirm\\"><div style=\\"visibility: visible;\\">Confirm car details</div><span class=\\"MuiTouchRipple-root css-8je8zh-MuiTouchRipple-root\\"></span></button></div></div></div></div>"`;
