// Jest Snapshot v1, https://goo.gl/fbAQLP

exports[`<CarMaker /> it should match snapshot 1`] = `
<div>
  <div
    class="pt-6 "
    data-testid="CarMaker-1"
  >
    <div
      class="flex items-center justify-between"
    >
      <p
        class="not-italic font-[500] leading-5.5 text-[17px]"
        style="border-color: #e25f6d;"
      >
        Toyota
      </p>
      <div>
        <img
          alt="Toyota"
          class="h-5.25 w-9 left-1.25 top-4.5 rounded-none"
          src="url"
        />
      </div>
    </div>
    <div
      class="flex p-5 mt-3 items-center justify-between rounded border cursor-pointer border-solid border-[#00000014]"
      data-testid="itemCardWithAction-1"
      style="gap: 10px; background-color: rgb(255, 255, 255);"
    >
      <p
        class="font-normal font-[500] text-base leading-6"
      >
        Corolla
      </p>
      <div>
        <img
          alt="forward action icon"
          class="min-h-3.5 min-w-3 left-1.25 top-4.5 rounded-none"
          src="arrow-forward-icon.svg"
        />
      </div>
    </div>
  </div>
</div>
`;
