// Jest Snapshot v1, https://goo.gl/fbAQLP

exports[`<EngineSelection /> it should mount and match to the snapshot 1`] = `"<div data-testid=\\"engine.selection\\" class=\\"min-h-screen flex flex-col  h-screen\\"><div data-testid=\\"PageHeader\\" class=\\"min-h-screen p-6 \\" style=\\"min-height: fit-content;\\"><button class=\\"root StyledButton-sc-1apep4b-0 bXswYh mb-5 min-w-[40px] min-h-[40px] w-[40px] h-[40px] MuiButton-root text MuiButton-text MuiButton-textPrimary MuiButton-sizeMedium MuiButton-textSizeMedium MuiButtonBase-root  css-1e6y48t-MuiButtonBase-root-MuiButton-root\\" tabindex=\\"0\\" type=\\"button\\" data-testid=\\"engine.selection-back-button\\" style=\\"border-color: #c4f8cc;\\"><div style=\\"visibility: visible;\\"><img src=\\"arrow-back-icon.svg\\" alt=\\"BackArrow\\"></div><span class=\\"MuiTouchRipple-root css-8je8zh-MuiTouchRipple-root\\"></span></button><div data-testid=\\"article-component\\"><p class=\\"MuiTypography-root MuiTypography-body1 text-xl whitespace-pre-line !mt-4 css-1uw3dvl-MuiTypography-root\\" data-testid=\\"article-component-title\\"><span> Select your engine type</span></p><div color=\\"#FCF7F7\\" class=\\"text-xl whitespace-pre-line !mt-4\\"></div></div></div><div class=\\"m-[24px]\\"><div data-testid=\\"itemCardWithAction-1\\" class=\\"flex p-5 mt-3 items-center justify-between rounded border cursor-pointer border-solid border-[#00000014]\\" style=\\"gap: 10px; background-color: rgb(255, 255, 255);\\"><p class=\\"font-normal font-[500] text-base leading-6\\">1.6 VVT i</p><div><img class=\\"min-h-3.5 min-w-3 left-1.25 top-4.5 rounded-none\\" src=\\"arrow-forward-icon.svg\\" alt=\\"forward action icon\\"></div></div><div data-testid=\\"itemCardWithAction-2\\" class=\\"flex p-5 mt-3 items-center justify-between rounded border cursor-pointer border-solid border-[#00000014]\\" style=\\"gap: 10px; background-color: rgb(255, 255, 255);\\"><p class=\\"font-normal font-[500] text-base leading-6\\">2.0 VVT i</p><div><img class=\\"min-h-3.5 min-w-3 left-1.25 top-4.5 rounded-none\\" src=\\"arrow-forward-icon.svg\\" alt=\\"forward action icon\\"></div></div><div data-testid=\\"itemCardWithAction--1\\" class=\\"flex p-5 mt-3 items-center justify-between rounded border cursor-pointer border-solid border-[#00000014]\\" style=\\"gap: 10px; background-color: rgb(255, 255, 255);\\"><p class=\\"font-normal font-[500] text-base leading-6\\">I don't know</p><div><img class=\\"min-h-3.5 min-w-3 left-1.25 top-4.5 rounded-none\\" src=\\"arrow-forward-icon.svg\\" alt=\\"forward action icon\\"></div></div></div></div>"`;
