// Jest Snapshot v1, https://goo.gl/fbAQLP

exports[`<HowTo /> it should mount and match the snapshot 1`] = `
"<div data-testid=\\"howto-section\\" class=\\"min-h-screen flex flex-col justify-between py-[100px] space-y-8\\"><div class=\\"px-6 \\"><div data-testid=\\"article-component\\"><p class=\\"MuiTypography-root MuiTypography-body1 leading-10 text-[34px]  css-1reifv3-MuiTypography-root\\" data-testid=\\"article-component-title\\"><span> We are here to make 
your car service easy &amp; 
 transparent</span></p><div data-testid=\\"article-component-divider\\" class=\\"w-10 h-0 border-solid border-2 my-4 border-[#E25F6D] mt-2\\" style=\\"border-color: #e25f6d;\\"></div><p class=\\"MuiTypography-root MuiTypography-body1 text-base font-light css-1reifv3-MuiTypography-root\\" data-testid=\\"article-component-description\\"><span> Enjoy a transparent, easy process with no 
 hidden fees or catches and get affordable 
 car servicing at our nationwide network of 
 independent garages.</span></p></div></div><div class=\\"flex flex-col items-center justify-center w-full px-6 space-y-4\\"><div class=\\"sc-e16d83bc-0 jFceXq w-[327px] md:w-[600px] mx-0\\"><div class=\\"StyledImageCardWithCta__ImageCardWithCtaWrapper-sc-1ntrkoy-0 jcDmhc\\"><img class=\\"image-card-icon\\" src=\\"http://strapi-dev-autofix.uaenorth.azurecontainer.io:1337/uploads/option1_a78924043f.svg\\" alt=\\"Run diagnostics\\"><div class=\\"image-card-content\\"><h5 class=\\"MuiTypography-root MuiTypography-h5 image-card-title css-11estw0-MuiTypography-root\\">Run diagnostics</h5><span class=\\"MuiTypography-root MuiTypography-caption image-card-subTitle css-1393mlh-MuiTypography-root\\">and find out what is wrong with your car or choose a specific service.</span></div></div></div><div class=\\"sc-e16d83bc-0 jFceXq w-[327px] md:w-[600px] mx-0\\"><div class=\\"StyledImageCardWithCta__ImageCardWithCtaWrapper-sc-1ntrkoy-0 jcDmhc\\"><img class=\\"image-card-icon\\" src=\\"http://strapi-dev-autofix.uaenorth.azurecontainer.io:1337/uploads/icon2_5537eea71f.svg\\" alt=\\"See approximate prices\\"><div class=\\"image-card-content\\"><h5 class=\\"MuiTypography-root MuiTypography-h5 image-card-title css-11estw0-MuiTypography-root\\">See approximate prices</h5><span class=\\"MuiTypography-root MuiTypography-caption image-card-subTitle css-1393mlh-MuiTypography-root\\">for various services and parts, as well as an estimated time until completion.</span></div></div></div><div class=\\"sc-e16d83bc-0 jFceXq w-[327px] md:w-[600px] mx-0\\"><div class=\\"StyledImageCardWithCta__ImageCardWithCtaWrapper-sc-1ntrkoy-0 jcDmhc\\"><img class=\\"image-card-icon\\" src=\\"http://strapi-dev-autofix.uaenorth.azurecontainer.io:1337/uploads/icon3_c3ace407ba.svg\\" alt=\\"Book a meeting\\"><div class=\\"image-card-content\\"><h5 class=\\"MuiTypography-root MuiTypography-h5 image-card-title css-11estw0-MuiTypography-root\\">Book a meeting</h5><span class=\\"MuiTypography-root MuiTypography-caption image-card-subTitle css-1393mlh-MuiTypography-root\\">in one of workshops based on reviews and compare prices.</span></div></div></div></div></div>"
`;
