// Jest Snapshot v1, https://goo.gl/fbAQLP

exports[`<Loader /> should render and match the snapshot 1`] = `
<ForwardRef(Box)
  sx={
    Object {
      "height": 95,
      "position": "relative",
      "width": 95,
    }
  }
>
  <ForwardRef(CircularProgress)
    size={95}
    sx={
      Object {
        "color": "#c5c5c5",
      }
    }
    thickness={2}
    value={100}
    variant="determinate"
  />
  <svg
    style={
      Object {
        "position": "absolute",
      }
    }
  >
    <defs>
      <linearGradient
        id="my_gradient"
      >
        <stop
          offset="0%"
          stopColor="#00664f"
        />
        <stop
          offset="100%"
          stopColor="#c5c5c5"
        />
      </linearGradient>
    </defs>
  </svg>
  <ForwardRef(CircularProgress)
    disableShrink={true}
    size={95}
    sx={
      Object {
        "left": 0,
        "position": "absolute",
        "svg circle": Object {
          "stroke": "url(#my_gradient)",
        },
      }
    }
    thickness={2}
    variant="indeterminate"
  />
</ForwardRef(Box)>
`;
