// Jest Snapshot v1, https://goo.gl/fbAQLP

exports[`<WorkshopSelection /> Component Should render markers when state update 1`] = `"<div data-testid=\\"workshop.selection\\" class=\\"min-h-screen flex flex-col h-screen\\"><div data-testid=\\"PageHeader\\" class=\\"min-h-screen p-6 \\" style=\\"min-height: fit-content;\\"><div><button class=\\"root StyledButton-sc-1apep4b-0 bXswYh mb-5 min-w-[40px] min-h-[40px] w-[40px] h-[40px] MuiButton-root text MuiButton-text MuiButton-textPrimary MuiButton-sizeMedium MuiButton-textSizeMedium MuiButtonBase-root  css-1e6y48t-MuiButtonBase-root-MuiButton-root\\" tabindex=\\"0\\" type=\\"button\\" data-testid=\\"workshop.selection-back-button\\" style=\\"border-color: rgba(220, 220, 220, 0.2);\\"><div style=\\"visibility: visible;\\"><img src=\\"arrow-back-icon.svg\\" alt=\\"BackArrow\\"></div></button><div data-testid=\\"article-component\\"><p class=\\"MuiTypography-root MuiTypography-body1 text-xl whitespace-pre-wrap !mt-4 css-1uw3dvl-MuiTypography-root\\" data-testid=\\"article-component-title\\"><span> Pick your workshop</span></p><div color=\\"#FCF7F7\\" class=\\"text-xl whitespace-pre-wrap !mt-4\\"></div></div><div class=\\"MuiAutocomplete-root MuiAutocomplete-hasClearIcon MuiAutocomplete-hasPopupIcon css-16awh2u-MuiAutocomplete-root\\" role=\\"combobox\\" data-testid=\\"AutoComplete\\" inputmode=\\"search\\"><div class=\\"flex w-full rounded relative\\"><div class=\\"z-10 flex justify-center items-center h-auto px-4 absolute top-0 left-0 bottom-0\\"><img src=\\"search-icon.svg\\" alt=\\"SearchIcon\\"></div><div class=\\"MuiFormControl-root MuiFormControl-fullWidth MuiTextField-root sc-81b144b0-0 lcKTQR css-wb57ya-MuiFormControl-root-MuiTextField-root\\"><div class=\\"MuiOutlinedInput-root MuiInputBase-root MuiInputBase-colorPrimary MuiInputBase-fullWidth MuiInputBase-formControl MuiInputBase-adornedEnd MuiAutocomplete-inputRoot css-154xyx0-MuiInputBase-root-MuiOutlinedInput-root\\"><input aria-invalid=\\"false\\" autocomplete=\\"off\\" id=\\"workshop-selection-autocomplete\\" placeholder=\\"Search for an address or workshop\\" type=\\"text\\" class=\\"MuiOutlinedInput-input MuiInputBase-input MuiInputBase-inputAdornedEnd MuiAutocomplete-input MuiAutocomplete-inputFocused css-nxo287-MuiInputBase-input-MuiOutlinedInput-input\\" aria-autocomplete=\\"list\\" autocapitalize=\\"none\\" spellcheck=\\"false\\" value=\\"\\"><div class=\\"MuiAutocomplete-endAdornment css-1q60rmi-MuiAutocomplete-endAdornment\\"><button class=\\"MuiButtonBase-root MuiIconButton-root MuiIconButton-sizeMedium MuiAutocomplete-clearIndicator css-1glvl0p-MuiButtonBase-root-MuiIconButton-root-MuiAutocomplete-clearIndicator\\" tabindex=\\"-1\\" type=\\"button\\" aria-label=\\"Clear\\" title=\\"Clear\\"><svg class=\\"MuiSvgIcon-root MuiSvgIcon-fontSizeSmall css-ptiqhd-MuiSvgIcon-root\\" focusable=\\"false\\" viewBox=\\"0 0 24 24\\" aria-hidden=\\"true\\" data-testid=\\"CloseIcon\\"><path d=\\"M19 6.41L17.59 5 12 10.59 6.41 5 5 6.41 10.59 12 5 17.59 6.41 19 12 13.41 17.59 19 19 17.59 13.41 12z\\"></path></svg></button><button class=\\"MuiButtonBase-root MuiIconButton-root MuiIconButton-sizeMedium MuiAutocomplete-popupIndicator css-qzbt6i-MuiButtonBase-root-MuiIconButton-root-MuiAutocomplete-popupIndicator\\" tabindex=\\"-1\\" type=\\"button\\" aria-label=\\"Open\\" title=\\"Open\\"><svg class=\\"MuiSvgIcon-root MuiSvgIcon-fontSizeMedium css-i4bv87-MuiSvgIcon-root\\" focusable=\\"false\\" viewBox=\\"0 0 24 24\\" aria-hidden=\\"true\\" data-testid=\\"ArrowDropDownIcon\\"><path d=\\"M7 10l5 5 5-5z\\"></path></svg></button></div><fieldset aria-hidden=\\"true\\" class=\\"MuiOutlinedInput-notchedOutline css-1d3z3hw-MuiOutlinedInput-notchedOutline\\"><legend class=\\"css-nnbavb\\"><span class=\\"notranslate\\">​</span></legend></fieldset></div></div></div></div></div></div><div class=\\"h-full\\"><div data-testid=\\"map\\"><div><div data-testid=\\"marker\\"></div><div data-testid=\\"marker\\"></div><div data-testid=\\"marker\\"></div><div data-testid=\\"marker\\"></div><div data-testid=\\"marker\\"></div></div></div></div></div>"`;

exports[`<WorkshopSelection /> Component should contain map component 1`] = `"<div data-testid=\\"workshop.selection\\" class=\\"min-h-screen flex flex-col h-screen\\"><div data-testid=\\"PageHeader\\" class=\\"min-h-screen p-6 \\" style=\\"min-height: fit-content;\\"><div><button class=\\"root StyledButton-sc-1apep4b-0 bXswYh mb-5 min-w-[40px] min-h-[40px] w-[40px] h-[40px] MuiButton-root text MuiButton-text MuiButton-textPrimary MuiButton-sizeMedium MuiButton-textSizeMedium MuiButtonBase-root  css-1e6y48t-MuiButtonBase-root-MuiButton-root\\" tabindex=\\"0\\" type=\\"button\\" data-testid=\\"workshop.selection-back-button\\" style=\\"border-color: rgba(220, 220, 220, 0.2);\\"><div style=\\"visibility: visible;\\"><img src=\\"arrow-back-icon.svg\\" alt=\\"BackArrow\\"></div></button><div data-testid=\\"article-component\\"><p class=\\"MuiTypography-root MuiTypography-body1 text-xl whitespace-pre-wrap !mt-4 css-1uw3dvl-MuiTypography-root\\" data-testid=\\"article-component-title\\"><span> Pick your workshop</span></p><div color=\\"#FCF7F7\\" class=\\"text-xl whitespace-pre-wrap !mt-4\\"></div></div><div class=\\"MuiAutocomplete-root MuiAutocomplete-hasClearIcon MuiAutocomplete-hasPopupIcon css-16awh2u-MuiAutocomplete-root\\" role=\\"combobox\\" data-testid=\\"AutoComplete\\" inputmode=\\"search\\"><div class=\\"flex w-full rounded relative\\"><div class=\\"z-10 flex justify-center items-center h-auto px-4 absolute top-0 left-0 bottom-0\\"><img src=\\"search-icon.svg\\" alt=\\"SearchIcon\\"></div><div class=\\"MuiFormControl-root MuiFormControl-fullWidth MuiTextField-root sc-81b144b0-0 lcKTQR css-wb57ya-MuiFormControl-root-MuiTextField-root\\"><div class=\\"MuiOutlinedInput-root MuiInputBase-root MuiInputBase-colorPrimary MuiInputBase-fullWidth MuiInputBase-formControl MuiInputBase-adornedEnd MuiAutocomplete-inputRoot css-154xyx0-MuiInputBase-root-MuiOutlinedInput-root\\"><input aria-invalid=\\"false\\" autocomplete=\\"off\\" id=\\"workshop-selection-autocomplete\\" placeholder=\\"Search for an address or workshop\\" type=\\"text\\" class=\\"MuiOutlinedInput-input MuiInputBase-input MuiInputBase-inputAdornedEnd MuiAutocomplete-input MuiAutocomplete-inputFocused css-nxo287-MuiInputBase-input-MuiOutlinedInput-input\\" aria-autocomplete=\\"list\\" autocapitalize=\\"none\\" spellcheck=\\"false\\" value=\\"\\"><div class=\\"MuiAutocomplete-endAdornment css-1q60rmi-MuiAutocomplete-endAdornment\\"><button class=\\"MuiButtonBase-root MuiIconButton-root MuiIconButton-sizeMedium MuiAutocomplete-clearIndicator css-1glvl0p-MuiButtonBase-root-MuiIconButton-root-MuiAutocomplete-clearIndicator\\" tabindex=\\"-1\\" type=\\"button\\" aria-label=\\"Clear\\" title=\\"Clear\\"><svg class=\\"MuiSvgIcon-root MuiSvgIcon-fontSizeSmall css-ptiqhd-MuiSvgIcon-root\\" focusable=\\"false\\" viewBox=\\"0 0 24 24\\" aria-hidden=\\"true\\" data-testid=\\"CloseIcon\\"><path d=\\"M19 6.41L17.59 5 12 10.59 6.41 5 5 6.41 10.59 12 5 17.59 6.41 19 12 13.41 17.59 19 19 17.59 13.41 12z\\"></path></svg></button><button class=\\"MuiButtonBase-root MuiIconButton-root MuiIconButton-sizeMedium MuiAutocomplete-popupIndicator css-qzbt6i-MuiButtonBase-root-MuiIconButton-root-MuiAutocomplete-popupIndicator\\" tabindex=\\"-1\\" type=\\"button\\" aria-label=\\"Open\\" title=\\"Open\\"><svg class=\\"MuiSvgIcon-root MuiSvgIcon-fontSizeMedium css-i4bv87-MuiSvgIcon-root\\" focusable=\\"false\\" viewBox=\\"0 0 24 24\\" aria-hidden=\\"true\\" data-testid=\\"ArrowDropDownIcon\\"><path d=\\"M7 10l5 5 5-5z\\"></path></svg></button></div><fieldset aria-hidden=\\"true\\" class=\\"MuiOutlinedInput-notchedOutline css-1d3z3hw-MuiOutlinedInput-notchedOutline\\"><legend class=\\"css-nnbavb\\"><span class=\\"notranslate\\">​</span></legend></fieldset></div></div></div></div></div></div><div class=\\"h-full\\"><div data-testid=\\"map\\"><div><div data-testid=\\"marker\\"></div></div></div></div></div>"`;

exports[`<WorkshopSelection /> Component should render 1`] = `"<div data-testid=\\"workshop.selection\\" class=\\"min-h-screen flex flex-col h-screen\\"><div data-testid=\\"PageHeader\\" class=\\"min-h-screen p-6 \\" style=\\"min-height: fit-content;\\"><div><button class=\\"root StyledButton-sc-1apep4b-0 bXswYh mb-5 min-w-[40px] min-h-[40px] w-[40px] h-[40px] MuiButton-root text MuiButton-text MuiButton-textPrimary MuiButton-sizeMedium MuiButton-textSizeMedium MuiButtonBase-root  css-1e6y48t-MuiButtonBase-root-MuiButton-root\\" tabindex=\\"0\\" type=\\"button\\" data-testid=\\"workshop.selection-back-button\\" style=\\"border-color: rgba(220, 220, 220, 0.2);\\"><div style=\\"visibility: visible;\\"><img src=\\"arrow-back-icon.svg\\" alt=\\"BackArrow\\"></div></button><div data-testid=\\"article-component\\"><p class=\\"MuiTypography-root MuiTypography-body1 text-xl whitespace-pre-wrap !mt-4 css-1uw3dvl-MuiTypography-root\\" data-testid=\\"article-component-title\\"><span> Pick your workshop</span></p><div color=\\"#FCF7F7\\" class=\\"text-xl whitespace-pre-wrap !mt-4\\"></div></div><div class=\\"MuiAutocomplete-root MuiAutocomplete-hasClearIcon MuiAutocomplete-hasPopupIcon css-16awh2u-MuiAutocomplete-root\\" role=\\"combobox\\" data-testid=\\"AutoComplete\\" inputmode=\\"search\\"><div class=\\"flex w-full rounded relative\\"><div class=\\"z-10 flex justify-center items-center h-auto px-4 absolute top-0 left-0 bottom-0\\"><img src=\\"search-icon.svg\\" alt=\\"SearchIcon\\"></div><div class=\\"MuiFormControl-root MuiFormControl-fullWidth MuiTextField-root sc-81b144b0-0 lcKTQR css-wb57ya-MuiFormControl-root-MuiTextField-root\\"><div class=\\"MuiOutlinedInput-root MuiInputBase-root MuiInputBase-colorPrimary MuiInputBase-fullWidth MuiInputBase-formControl MuiInputBase-adornedEnd MuiAutocomplete-inputRoot css-154xyx0-MuiInputBase-root-MuiOutlinedInput-root\\"><input aria-invalid=\\"false\\" autocomplete=\\"off\\" id=\\"workshop-selection-autocomplete\\" placeholder=\\"Search for an address or workshop\\" type=\\"text\\" class=\\"MuiOutlinedInput-input MuiInputBase-input MuiInputBase-inputAdornedEnd MuiAutocomplete-input MuiAutocomplete-inputFocused css-nxo287-MuiInputBase-input-MuiOutlinedInput-input\\" aria-autocomplete=\\"list\\" autocapitalize=\\"none\\" spellcheck=\\"false\\" value=\\"\\"><div class=\\"MuiAutocomplete-endAdornment css-1q60rmi-MuiAutocomplete-endAdornment\\"><button class=\\"MuiButtonBase-root MuiIconButton-root MuiIconButton-sizeMedium MuiAutocomplete-clearIndicator css-1glvl0p-MuiButtonBase-root-MuiIconButton-root-MuiAutocomplete-clearIndicator\\" tabindex=\\"-1\\" type=\\"button\\" aria-label=\\"Clear\\" title=\\"Clear\\"><svg class=\\"MuiSvgIcon-root MuiSvgIcon-fontSizeSmall css-ptiqhd-MuiSvgIcon-root\\" focusable=\\"false\\" viewBox=\\"0 0 24 24\\" aria-hidden=\\"true\\" data-testid=\\"CloseIcon\\"><path d=\\"M19 6.41L17.59 5 12 10.59 6.41 5 5 6.41 10.59 12 5 17.59 6.41 19 12 13.41 17.59 19 19 17.59 13.41 12z\\"></path></svg></button><button class=\\"MuiButtonBase-root MuiIconButton-root MuiIconButton-sizeMedium MuiAutocomplete-popupIndicator css-qzbt6i-MuiButtonBase-root-MuiIconButton-root-MuiAutocomplete-popupIndicator\\" tabindex=\\"-1\\" type=\\"button\\" aria-label=\\"Open\\" title=\\"Open\\"><svg class=\\"MuiSvgIcon-root MuiSvgIcon-fontSizeMedium css-i4bv87-MuiSvgIcon-root\\" focusable=\\"false\\" viewBox=\\"0 0 24 24\\" aria-hidden=\\"true\\" data-testid=\\"ArrowDropDownIcon\\"><path d=\\"M7 10l5 5 5-5z\\"></path></svg></button></div><fieldset aria-hidden=\\"true\\" class=\\"MuiOutlinedInput-notchedOutline css-1d3z3hw-MuiOutlinedInput-notchedOutline\\"><legend class=\\"css-nnbavb\\"><span class=\\"notranslate\\">​</span></legend></fieldset></div></div></div></div></div></div><div class=\\"h-full\\"><div data-testid=\\"map\\"><div><div data-testid=\\"marker\\"></div></div></div></div></div>"`;
