// Jest Snapshot v1, https://goo.gl/fbAQLP

exports[`<NotFoundPage /> should render and match the snapshot 1`] = `
<h1>
  <span>
    The page you are looking for is not found
  </span>
</h1>
`;
